pgha-node3  | Starting node: node3 (node3)
pgha-node3  | Running as user: uid=1000(postgres) gid=1000(postgres) groups=1000(postgres)
pgha-node3  | 2026-03-06 03:15:14.983012 I | etcdmain: etcd Version: 3.3.11
pgha-node3  | 2026-03-06 03:15:14.983318 I | etcdmain: Git SHA: 2cf9e51
pgha-node3  | 2026-03-06 03:15:14.983325 I | etcdmain: Go Version: go1.10.3
pgha-node3  | 2026-03-06 03:15:14.983328 I | etcdmain: Go OS/Arch: linux/amd64
pgha-node3  | 2026-03-06 03:15:14.983332 I | etcdmain: setting maximum number of CPUs to 12, total number of available CPUs is 12
pgha-node3  | 2026-03-06 03:15:14.983591 I | embed: listening for peers on http://0.0.0.0:2380
pgha-node3  | 2026-03-06 03:15:14.983638 I | embed: listening for client requests on 0.0.0.0:2379
pgha-node3  | 2026-03-06 03:15:14.992052 I | pkg/netutil: resolving node3:2380 to 172.18.0.5:2380
pgha-node3  | 2026-03-06 03:15:14.992275 I | pkg/netutil: resolving node3:2380 to 172.18.0.5:2380
pgha-node3  | 2026-03-06 03:15:16.993056 I | etcdserver: name = node3
pgha-node3  | 2026-03-06 03:15:16.993094 I | etcdserver: data dir = /data/etcd
pgha-node3  | 2026-03-06 03:15:16.993107 I | etcdserver: member dir = /data/etcd/member
pgha-node3  | 2026-03-06 03:15:16.993111 I | etcdserver: heartbeat = 100ms
pgha-node3  | 2026-03-06 03:15:16.993114 I | etcdserver: election = 1000ms
pgha-node3  | 2026-03-06 03:15:16.993117 I | etcdserver: snapshot count = 100000
pgha-node3  | 2026-03-06 03:15:16.993126 I | etcdserver: advertise client URLs = http://node3:2379
pgha-node3  | 2026-03-06 03:15:16.993130 I | etcdserver: initial advertise peer URLs = http://node3:2380
pgha-node3  | 2026-03-06 03:15:16.993147 I | etcdserver: initial cluster = node1=http://node1:2380,node2=http://node2:2380,node3=http://node3:2380
pgha-node3  | 2026-03-06 03:15:17.027587 I | etcdserver: starting member 79ed106e01f98d8b in cluster 6c90432dbea58daf
pgha-node3  | 2026-03-06 03:15:17.027627 I | raft: 79ed106e01f98d8b became follower at term 0
pgha-node3  | 2026-03-06 03:15:17.027635 I | raft: newRaft 79ed106e01f98d8b [peers: [], term: 0, commit: 0, applied: 0, lastindex: 0, lastterm: 0]
pgha-node3  | 2026-03-06 03:15:17.027637 I | raft: 79ed106e01f98d8b became follower at term 1
pgha-node3  | 2026-03-06 03:15:17.051552 W | auth: simple token is not cryptographically signed
pgha-node3  | 2026-03-06 03:15:17.071297 I | rafthttp: starting peer 48a540797d58669d...
pgha-node3  | 2026-03-06 03:15:17.071384 I | rafthttp: started HTTP pipelining with peer 48a540797d58669d
pgha-node3  | 2026-03-06 03:15:17.073269 I | rafthttp: started streaming with peer 48a540797d58669d (writer)
pgha-node3  | 2026-03-06 03:15:17.073859 I | rafthttp: started streaming with peer 48a540797d58669d (writer)
pgha-node3  | 2026-03-06 03:15:17.076317 I | rafthttp: started peer 48a540797d58669d
pgha-node3  | 2026-03-06 03:15:17.076356 I | rafthttp: added peer 48a540797d58669d
pgha-node3  | 2026-03-06 03:15:17.076366 I | rafthttp: starting peer db46782348fb60b3...
pgha-node3  | 2026-03-06 03:15:17.076373 I | rafthttp: started HTTP pipelining with peer db46782348fb60b3
pgha-node3  | 2026-03-06 03:15:17.076427 I | rafthttp: started streaming with peer 48a540797d58669d (stream Message reader)
pgha-node3  | 2026-03-06 03:15:17.076493 I | rafthttp: started streaming with peer 48a540797d58669d (stream MsgApp v2 reader)
pgha-node3  | 2026-03-06 03:15:17.077561 I | rafthttp: started streaming with peer db46782348fb60b3 (writer)
pgha-node3  | 2026-03-06 03:15:17.078775 I | rafthttp: peer 48a540797d58669d became active
pgha-node3  | 2026-03-06 03:15:17.078810 I | rafthttp: established a TCP streaming connection with peer 48a540797d58669d (stream MsgApp v2 reader)
pgha-node3  | 2026-03-06 03:15:17.078866 I | rafthttp: established a TCP streaming connection with peer 48a540797d58669d (stream Message reader)
pgha-node3  | 2026-03-06 03:15:17.078909 I | rafthttp: started streaming with peer db46782348fb60b3 (writer)
pgha-node3  | 2026-03-06 03:15:17.080262 I | rafthttp: started peer db46782348fb60b3
pgha-node3  | 2026-03-06 03:15:17.080298 I | rafthttp: started streaming with peer db46782348fb60b3 (stream Message reader)
pgha-node3  | 2026-03-06 03:15:17.080328 I | rafthttp: started streaming with peer db46782348fb60b3 (stream MsgApp v2 reader)
pgha-node3  | 2026-03-06 03:15:17.080387 I | rafthttp: added peer db46782348fb60b3
pgha-node3  | 2026-03-06 03:15:17.080770 I | etcdserver: starting server... [version: 3.3.11, cluster version: to_be_decided]
pgha-node3  | 2026-03-06 03:15:17.081315 I | etcdserver/membership: added member 48a540797d58669d [http://node2:2380] to cluster 6c90432dbea58daf
pgha-node3  | 2026-03-06 03:15:17.081425 I | etcdserver/membership: added member 79ed106e01f98d8b [http://node3:2380] to cluster 6c90432dbea58daf
pgha-node3  | 2026-03-06 03:15:17.081485 I | etcdserver/membership: added member db46782348fb60b3 [http://node1:2380] to cluster 6c90432dbea58daf
pgha-node3  | 2026-03-06 03:15:17.081877 I | rafthttp: peer db46782348fb60b3 became active
pgha-node3  | 2026-03-06 03:15:17.081905 I | rafthttp: established a TCP streaming connection with peer db46782348fb60b3 (stream MsgApp v2 reader)
pgha-node3  | 2026-03-06 03:15:17.082047 I | rafthttp: established a TCP streaming connection with peer db46782348fb60b3 (stream Message reader)
pgha-node3  | 2026-03-06 03:15:17.082695 I | rafthttp: established a TCP streaming connection with peer db46782348fb60b3 (stream Message writer)
pgha-node3  | 2026-03-06 03:15:17.082920 I | rafthttp: established a TCP streaming connection with peer db46782348fb60b3 (stream MsgApp v2 writer)
pgha-node3  | 2026-03-06 03:15:17.083156 I | rafthttp: established a TCP streaming connection with peer 48a540797d58669d (stream Message writer)
pgha-node3  | 2026-03-06 03:15:17.083187 I | rafthttp: established a TCP streaming connection with peer 48a540797d58669d (stream MsgApp v2 writer)
pgha-node3  | 2026-03-06 03:15:17.131217 I | etcdserver: 79ed106e01f98d8b initialzed peer connection; fast-forwarding 8 ticks (election ticks 10) with 2 active peer(s)
pgha-node3  | 2026-03-06 03:15:17.222260 I | raft: 79ed106e01f98d8b [term: 1] received a MsgVote message with higher term from 48a540797d58669d [term: 2]
pgha-node3  | 2026-03-06 03:15:17.222291 I | raft: 79ed106e01f98d8b became follower at term 2
pgha-node3  | 2026-03-06 03:15:17.222301 I | raft: 79ed106e01f98d8b [logterm: 1, index: 3, vote: 0] cast MsgVote for 48a540797d58669d [logterm: 1, index: 3] at term 2
pgha-node3  | 2026-03-06 03:15:17.225404 I | raft: raft.node: 79ed106e01f98d8b elected leader 48a540797d58669d at term 2
pgha-node3  | 2026-03-06 03:15:17.243010 I | etcdserver: published {Name:node3 ClientURLs:[http://node3:2379]} to cluster 6c90432dbea58daf
pgha-node3  | 2026-03-06 03:15:17.243047 I | embed: ready to serve client requests
pgha-node3  | 2026-03-06 03:15:17.243374 N | etcdserver/membership: set the initial cluster version to 3.3
pgha-node3  | 2026-03-06 03:15:17.243449 I | etcdserver/api: enabled capabilities for version 3.3
pgha-node3  | 2026-03-06 03:15:17.243909 N | embed: serving insecure client requests on [::]:2379, this is strongly discouraged!
pgha-node3  | 2026-03-06 03:15:20,611 INFO: Selected new etcd server http://node2:2379
pgha-node3  | 2026-03-06 03:15:20,626 INFO: No PostgreSQL configuration items changed, nothing to reload.
pgha-node3  | 2026-03-06 03:15:20,630 INFO: Starting CPU monitor thread, loop wait 10 seconds
pgha-node3  | 2026-03-06 03:15:20,631 INFO: Starting Memory monitor thread, loop wait 10 seconds
pgha-node3  | 2026-03-06 03:15:20,631 INFO: Starting Disk monitor thread, loop wait 10 seconds
pgha-node3  | 2026-03-06 03:15:20,631 INFO: Starting Log monitor thread, loop wait 10 seconds
pgha-node3  | 2026-03-06 03:15:20,632 INFO: Systemd integration is not supported
pgha-node3  | proto: no coders for int
pgha-node3  | proto: no encoder for ValueSize int [GetProperties]
pgha-node3  | 2026-03-06 03:15:20,688 INFO: Lock owner: None; I am node3
pgha-node3  | 2026-03-06 03:15:20,791 INFO: trying to bootstrap a new cluster
pgha-node3  | The files belonging to this database system will be owned by user "postgres".
pgha-node3  | This user must also own the server process.
pgha-node3  | 
pgha-node3  | The database cluster will be initialized with locale "C".
pgha-node3  | The default text search configuration will be set to "english".
pgha-node3  | 
pgha-node3  | Data page checksums are disabled.
pgha-node3  | 
pgha-node3  | fixing permissions on existing directory /data/postgres ... ok
pgha-node3  | creating subdirectories ... ok
pgha-node3  | selecting dynamic shared memory implementation ... posix
pgha-node3  | selecting default "max_connections" ... 100
pgha-node3  | selecting default "shared_buffers" ... 128MB
pgha-node3  | selecting default time zone ... UTC
pgha-node3  | creating configuration files ... ok
pgha-node3  | running bootstrap script ... ok
pgha-node3  | performing post-bootstrap initialization ... ok
pgha-node3  | initdb: warning: enabling "trust" authentication for local connections
pgha-node3  | initdb: hint: You can change this by editing pg_hba.conf or using the option -A, or --auth-local and --auth-host, the next time you run initdb.
pgha-node3  | syncing data to disk ... ok
pgha-node3  | 
pgha-node3  | 
pgha-node3  | Success. You can now start the database server using:
pgha-node3  | 
pgha-node3  |     /home/postgres/src/pkg/postgres/bin/pg_ctl -D /data/postgres -l logfile start
pgha-node3  | 
pgha-node3  | 2026-03-06 03:15:26,958 INFO: postmaster pid=62
pgha-node3  | 2026-03-06 03:15:26.963 UTC [62] LOG:  redirecting log output to logging collector process
pgha-node3  | 2026-03-06 03:15:26.963 UTC [62] HINT:  Future log output will appear in directory "log".
pgha-node3  | localhost:5432 - rejecting connections
pgha-node3  | localhost:5432 - rejecting connections
pgha-node3  | localhost:5432 - accepting connections
pgha-node3  | 2026-03-06 03:15:28,000 INFO: establishing a new patroni heartbeat connection to postgres
pgha-node3  | 2026-03-06 03:15:28,124 INFO: running post_bootstrap
pgha-node3  | 2026-03-06 03:15:28,446 INFO: initialized a new cluster
pgha-node3  | 2026-03-06 03:15:28,543 INFO: Lock owner: node3; I am node3
pgha-node3  | 2026-03-06 03:15:28,543 INFO: _consecutive_below: {dm._consecutive_below}, has_set_readonly: {dm.has_set_readonly}, _alarmed: {dm._alarmed}
pgha-node3  | 2026-03-06 03:15:28,707 INFO: no action. I am (node3), the leader with the lock
pgha-node3  | 2026-03-06 03:15:38,542 INFO: Lock owner: node3; I am node3
pgha-node3  | 2026-03-06 03:15:38,543 INFO: _consecutive_below: {dm._consecutive_below}, has_set_readonly: {dm.has_set_readonly}, _alarmed: {dm._alarmed}
pgha-node3  | 2026-03-06 03:15:38,592 INFO: no action. I am (node3), the leader with the lock
pgha-node3  | 2026-03-06 03:15:48,547 INFO: Lock owner: node3; I am node3
pgha-node3  | 2026-03-06 03:15:48,547 INFO: _consecutive_below: {dm._consecutive_below}, has_set_readonly: {dm.has_set_readonly}, _alarmed: {dm._alarmed}
pgha-node3  | 2026-03-06 03:15:48,597 INFO: no action. I am (node3), the leader with the lock
pgha-node3  | 2026-03-06 03:15:58,491 INFO: Lock owner: node3; I am node3
pgha-node3  | 2026-03-06 03:15:58,491 INFO: _consecutive_below: {dm._consecutive_below}, has_set_readonly: {dm.has_set_readonly}, _alarmed: {dm._alarmed}
pgha-node3  | 2026-03-06 03:15:58,491 INFO: no action. I am (node3), the leader with the lock
pgha-node3  | 2026-03-06 03:16:08,491 INFO: Lock owner: node3; I am node3
pgha-node3  | 2026-03-06 03:16:08,491 INFO: _consecutive_below: {dm._consecutive_below}, has_set_readonly: {dm.has_set_readonly}, _alarmed: {dm._alarmed}
pgha-node3  | 2026-03-06 03:16:08,491 INFO: no action. I am (node3), the leader with the lock
pgha-node3  | 2026-03-06 03:16:18,493 INFO: Lock owner: node3; I am node3
pgha-node3  | 2026-03-06 03:16:18,494 INFO: _consecutive_below: {dm._consecutive_below}, has_set_readonly: {dm.has_set_readonly}, _alarmed: {dm._alarmed}
pgha-node3  | 2026-03-06 03:16:18,494 INFO: no action. I am (node3), the leader with the lock
pgha-node3  | 2026-03-06 03:16:28,494 INFO: Lock owner: node3; I am node3
pgha-node3  | 2026-03-06 03:16:28,494 INFO: _consecutive_below: {dm._consecutive_below}, has_set_readonly: {dm.has_set_readonly}, _alarmed: {dm._alarmed}
pgha-node3  | 2026-03-06 03:16:28,494 INFO: no action. I am (node3), the leader with the lock
pgha-node3  | 2026-03-06 03:16:38,498 INFO: Lock owner: node3; I am node3
pgha-node3  | 2026-03-06 03:16:38,498 INFO: _consecutive_below: {dm._consecutive_below}, has_set_readonly: {dm.has_set_readonly}, _alarmed: {dm._alarmed}
pgha-node3  | 2026-03-06 03:16:38,498 INFO: no action. I am (node3), the leader with the lock
pgha-node3  | 2026-03-06 03:16:48,494 INFO: Lock owner: node3; I am node3
pgha-node3  | 2026-03-06 03:16:48,494 INFO: _consecutive_below: {dm._consecutive_below}, has_set_readonly: {dm.has_set_readonly}, _alarmed: {dm._alarmed}
pgha-node3  | 2026-03-06 03:16:48,494 INFO: no action. I am (node3), the leader with the lock
pgha-node3  | 2026-03-06 03:16:58,494 INFO: Lock owner: node3; I am node3
pgha-node3  | 2026-03-06 03:16:58,494 INFO: _consecutive_below: {dm._consecutive_below}, has_set_readonly: {dm.has_set_readonly}, _alarmed: {dm._alarmed}
pgha-node3  | 2026-03-06 03:16:58,494 INFO: no action. I am (node3), the leader with the lock
pgha-node3  | 2026-03-06 03:17:08,494 INFO: Lock owner: node3; I am node3
pgha-node3  | 2026-03-06 03:17:08,494 INFO: _consecutive_below: {dm._consecutive_below}, has_set_readonly: {dm.has_set_readonly}, _alarmed: {dm._alarmed}
pgha-node3  | 2026-03-06 03:17:08,494 INFO: no action. I am (node3), the leader with the lock
pgha-node3  | 2026-03-06 03:17:18,492 INFO: Lock owner: node3; I am node3
pgha-node3  | 2026-03-06 03:17:18,492 INFO: _consecutive_below: {dm._consecutive_below}, has_set_readonly: {dm.has_set_readonly}, _alarmed: {dm._alarmed}
pgha-node3  | 2026-03-06 03:17:18,492 INFO: no action. I am (node3), the leader with the lock
pgha-node3  | 2026-03-06 03:17:28,633 INFO: Lock owner: node3; I am node3
pgha-node3  | 2026-03-06 03:17:28,634 INFO: _consecutive_below: {dm._consecutive_below}, has_set_readonly: {dm.has_set_readonly}, _alarmed: {dm._alarmed}
pgha-node3  | 2026-03-06 03:17:28,645 INFO: no action. I am (node3), the leader with the lock
pgha-node3  | 2026-03-06 03:17:38,492 INFO: Lock owner: node3; I am node3
pgha-node3  | 2026-03-06 03:17:38,492 INFO: _consecutive_below: {dm._consecutive_below}, has_set_readonly: {dm.has_set_readonly}, _alarmed: {dm._alarmed}
pgha-node3  | 2026-03-06 03:17:38,492 INFO: no action. I am (node3), the leader with the lock
pgha-node3  | 2026-03-06 03:17:48,493 INFO: Lock owner: node3; I am node3
pgha-node3  | 2026-03-06 03:17:48,493 INFO: _consecutive_below: {dm._consecutive_below}, has_set_readonly: {dm.has_set_readonly}, _alarmed: {dm._alarmed}
pgha-node3  | 2026-03-06 03:17:48,494 INFO: no action. I am (node3), the leader with the lock
pgha-node3  | 2026-03-06 03:17:58,493 INFO: Lock owner: node3; I am node3
pgha-node3  | 2026-03-06 03:17:58,493 INFO: _consecutive_below: {dm._consecutive_below}, has_set_readonly: {dm.has_set_readonly}, _alarmed: {dm._alarmed}
pgha-node3  | 2026-03-06 03:17:58,493 INFO: no action. I am (node3), the leader with the lock
pgha-node3  | 2026-03-06 03:18:08,493 INFO: Lock owner: node3; I am node3
pgha-node3  | 2026-03-06 03:18:08,493 INFO: _consecutive_below: {dm._consecutive_below}, has_set_readonly: {dm.has_set_readonly}, _alarmed: {dm._alarmed}
pgha-node3  | 2026-03-06 03:18:08,493 INFO: no action. I am (node3), the leader with the lock
pgha-node3  | 2026-03-06 03:18:18,493 INFO: Lock owner: node3; I am node3
pgha-node3  | 2026-03-06 03:18:18,493 INFO: _consecutive_below: {dm._consecutive_below}, has_set_readonly: {dm.has_set_readonly}, _alarmed: {dm._alarmed}
pgha-node3  | 2026-03-06 03:18:18,493 INFO: no action. I am (node3), the leader with the lock
